// Jest Snapshot v1, https://goo.gl/fbAQLP

exports[`App App snapshot didn't change 1`] = `
Object {
  "asFragment": [Function],
  "baseElement": <body>
    <div>
      <div
        class="sc-iBkjds kKDXLN"
      >
        <div
          class="sc-dkzDqf kkJGTB"
        >
          <h1>
            todos
          </h1>
        </div>
        <div
          class="sc-gsnTZi ixMWhz"
        >
          <input
            placeholder="Введите задачу"
            type="text"
            value=""
          />
          <button
            class="sc-bczRLJ fjmREE"
          >
            Add todo
          </button>
        </div>
        <div
          class="sc-hKMtZM ePirV"
        >
          <svg
            role="presentation"
            style="width: 2.25rem; height: 2.25rem;"
            viewBox="0 0 24 24"
          >
            <path
              d="M7.41,8.58L12,13.17L16.59,8.58L18,10L12,16L6,10L7.41,8.58Z"
              style="fill: #545454;"
            />
          </svg>
          <p>
            What needs to be done?
          </p>
        </div>
        <ul
          class="sc-jSMfEi bxLorI"
        />
        <div
          class="sc-gKXOVf iTkNqA"
        >
          <p>
            0
             items left
          </p>
          <div>
            <button
              class="sc-bczRLJ fNXOZK"
            >
              All
            </button>
            <button
              class="sc-bczRLJ fjmREE"
            >
              Active
            </button>
            <button
              class="sc-bczRLJ fjmREE"
            >
              Completed
            </button>
            <button
              class="sc-bczRLJ ejnYZA"
            >
              Clear completed
            </button>
          </div>
        </div>
      </div>
    </div>
  </body>,
  "container": <div>
    <div
      class="sc-iBkjds kKDXLN"
    >
      <div
        class="sc-dkzDqf kkJGTB"
      >
        <h1>
          todos
        </h1>
      </div>
      <div
        class="sc-gsnTZi ixMWhz"
      >
        <input
          placeholder="Введите задачу"
          type="text"
          value=""
        />
        <button
          class="sc-bczRLJ fjmREE"
        >
          Add todo
        </button>
      </div>
      <div
        class="sc-hKMtZM ePirV"
      >
        <svg
          role="presentation"
          style="width: 2.25rem; height: 2.25rem;"
          viewBox="0 0 24 24"
        >
          <path
            d="M7.41,8.58L12,13.17L16.59,8.58L18,10L12,16L6,10L7.41,8.58Z"
            style="fill: #545454;"
          />
        </svg>
        <p>
          What needs to be done?
        </p>
      </div>
      <ul
        class="sc-jSMfEi bxLorI"
      />
      <div
        class="sc-gKXOVf iTkNqA"
      >
        <p>
          0
           items left
        </p>
        <div>
          <button
            class="sc-bczRLJ fNXOZK"
          >
            All
          </button>
          <button
            class="sc-bczRLJ fjmREE"
          >
            Active
          </button>
          <button
            class="sc-bczRLJ fjmREE"
          >
            Completed
          </button>
          <button
            class="sc-bczRLJ ejnYZA"
          >
            Clear completed
          </button>
        </div>
      </div>
    </div>
  </div>,
  "debug": [Function],
  "findAllByAltText": [Function],
  "findAllByDisplayValue": [Function],
  "findAllByLabelText": [Function],
  "findAllByPlaceholderText": [Function],
  "findAllByRole": [Function],
  "findAllByTestId": [Function],
  "findAllByText": [Function],
  "findAllByTitle": [Function],
  "findByAltText": [Function],
  "findByDisplayValue": [Function],
  "findByLabelText": [Function],
  "findByPlaceholderText": [Function],
  "findByRole": [Function],
  "findByTestId": [Function],
  "findByText": [Function],
  "findByTitle": [Function],
  "getAllByAltText": [Function],
  "getAllByDisplayValue": [Function],
  "getAllByLabelText": [Function],
  "getAllByPlaceholderText": [Function],
  "getAllByRole": [Function],
  "getAllByTestId": [Function],
  "getAllByText": [Function],
  "getAllByTitle": [Function],
  "getByAltText": [Function],
  "getByDisplayValue": [Function],
  "getByLabelText": [Function],
  "getByPlaceholderText": [Function],
  "getByRole": [Function],
  "getByTestId": [Function],
  "getByText": [Function],
  "getByTitle": [Function],
  "queryAllByAltText": [Function],
  "queryAllByDisplayValue": [Function],
  "queryAllByLabelText": [Function],
  "queryAllByPlaceholderText": [Function],
  "queryAllByRole": [Function],
  "queryAllByTestId": [Function],
  "queryAllByText": [Function],
  "queryAllByTitle": [Function],
  "queryByAltText": [Function],
  "queryByDisplayValue": [Function],
  "queryByLabelText": [Function],
  "queryByPlaceholderText": [Function],
  "queryByRole": [Function],
  "queryByTestId": [Function],
  "queryByText": [Function],
  "queryByTitle": [Function],
  "rerender": [Function],
  "unmount": [Function],
}
`;
